C51 COMPILER V9.50a   MAIN                                                                 07/25/2016 14:04:37 PAGE 1   


C51 COMPILER V9.50a, COMPILATION OF MODULE MAIN
OBJECT MODULE PLACED IN main.OBJ
COMPILER INVOKED BY: C:\Keil\C51\BIN\C51.EXE main.c BROWSE DEBUG OBJECTEXTEND

line level    source

   1          #include<reg51.h>
   2          #include"delay.h"
   3          sbit LED=P3^5;
   4          unsigned char FLAG=0,ALM=0;
   5                  sbit C0=P1^0;sbit C1=P1^1;sbit C2=P1^2;sbit C3=P1^3;
   6                  sbit R0=P1^4;sbit R1=P1^5;sbit R2=P1^6;sbit R3=P1^7;
   7                  sbit SDA = P3^6;        sbit SCL = P3^7;
   8                  sbit RS=P2^0; sbit RW=P2^1; sbit EN=P2^2;
   9                  sbit RST=P2^3; sbit CS2=P2^4; sbit CS1=P2^5;
  10          #include"i2c.h"
  11          #include"i2c_device.h"
  12          #include"my_glcd.h"
  13          #include"clock_read_and_set.h"
  14          #include"alarm.h"
  15          #include"keypad.h"
  16          #include"A_N_C_set.h"
  17          void External_Interrupt() interrupt 0{  FLAG=1;   }
  18          main(){         //unsigned char HH,MM,D,DD,MO,YY,SS,i,k=1,temp,count=0;
  19   1              unsigned char i,k=1,count=0;
  20   1              EA=EX0=1; IT0=0;
  21   1              dinit();
  22   1              for(i=PG0;i<=PG7;i++)
  23   1                      clrpage(i,3);
  24   1              //clock_set(0x55,0x59,0x71,0x01,0x16,0x07,0x16);/* sec min hour day date month year */
  25   1              while(1){
  26   2                      gcmd(PG0+1,1);
  27   2                      gcmd(ST_ADD,1);
  28   2                      clock();
  29   2                      alarm();
  30   2                      if(ALM){
  31   3                              alarm_check();
  32   3                      }
  33   2                      if(FLAG){
  34   3                              set_clock();
  35   3                              for(i=PG0;i<=PG7;i++)
  36   3                                              clrpage(i,3);   
  37   3                              clrscreen();
  38   3                              FLAG=0;         
  39   3                      }                       
  40   2              }       
  41   1              while(1);       
  42   1      }                                                                                                                                                       


MODULE INFORMATION:   STATIC OVERLAYABLE
   CODE SIZE        =   1958    ----
   CONSTANT SIZE    =    475    ----
   XDATA SIZE       =   ----    ----
   PDATA SIZE       =   ----    ----
   DATA SIZE        =     26      68
   IDATA SIZE       =   ----    ----
   BIT SIZE         =   ----    ----
END OF MODULE INFORMATION.


C51 COMPILATION COMPLETE.  0 WARNING(S),  0 ERROR(S)
